remaining: 460
  [3/460] platform/external/rust/crates/aarch64-paging -> SKIPPED (clone failed)
  [4/460] platform/external/rust/crates/acpi -> SKIPPED (clone failed)
  [2/460] platform/external/minigbm -> SKIPPED (clone failed)
  [1/460] platform/external/mesa3d -> SKIPPED (clone failed)
  [6/460] platform/external/rust/crates/adler -> SKIPPED (clone failed)
  [5/460] platform/external/rust/crates/addr2line -> SKIPPED (clone failed)
  [9/460] platform/external/rust/crates/aliasable -> SKIPPED (clone failed)
  [8/460] platform/external/rust/crates/aho-corasick -> SKIPPED (clone failed)
  [10/460] platform/external/rust/crates/ash -> SKIPPED (clone failed)
  [13/460] platform/external/rust/crates/asn1-rs-impl -> SKIPPED (clone failed)
  [14/460] platform/external/rust/crates/async-stream -> SKIPPED (clone failed)
  [15/460] platform/external/rust/crates/async-stream-impl -> SKIPPED (clone failed)
  [16/460] platform/external/rust/crates/async-task -> SKIPPED (clone failed)
  [17/460] platform/external/rust/crates/async-trait -> SKIPPED (clone failed)
  [18/460] platform/external/rust/crates/atomic -> SKIPPED (clone failed)
  [19/460] platform/external/rust/crates/atomic-polyfill -> SKIPPED (clone failed)
  [20/460] platform/external/rust/crates/atty -> SKIPPED (clone failed)
  [21/460] platform/external/rust/crates/axum -> SKIPPED (clone failed)
  [22/460] platform/external/rust/crates/axum-core -> SKIPPED (clone failed)
  [23/460] platform/external/rust/crates/base64 -> SKIPPED (clone failed)
  [24/460] platform/external/rust/crates/bencher -> SKIPPED (clone failed)
  [25/460] platform/external/rust/crates/bincode -> SKIPPED (clone failed)
  [26/460] platform/external/rust/crates/bindgen -> SKIPPED (clone failed)
  [27/460] platform/external/rust/crates/bindgen-cli -> SKIPPED (clone failed)
  [28/460] platform/external/rust/crates/bit_field -> SKIPPED (clone failed)
  [29/460] platform/external/rust/crates/bitflags -> SKIPPED (clone failed)
  [30/460] platform/external/rust/crates/bitreader -> SKIPPED (clone failed)
  [31/460] platform/external/rust/crates/bstr -> SKIPPED (clone failed)
  [32/460] platform/external/rust/crates/buddy_system_allocator -> SKIPPED (clone failed)
  [33/460] platform/external/rust/crates/bytemuck -> SKIPPED (clone failed)
  [34/460] platform/external/rust/crates/bytemuck_derive -> SKIPPED (clone failed)
  [35/460] platform/external/rust/crates/byteorder -> SKIPPED (clone failed)
  [36/460] platform/external/rust/crates/bytes -> SKIPPED (clone failed)
  [37/460] platform/external/rust/crates/bzip2 -> SKIPPED (clone failed)
  [38/460] platform/external/rust/crates/bzip2-sys -> SKIPPED (clone failed)
  [39/460] platform/external/rust/crates/camino -> SKIPPED (clone failed)
  [40/460] platform/external/rust/crates/cast -> SKIPPED (clone failed)
  [41/460] platform/external/rust/crates/cbindgen -> SKIPPED (clone failed)
  [42/460] platform/external/rust/crates/cc -> SKIPPED (clone failed)
  [43/460] platform/external/rust/crates/cesu8 -> SKIPPED (clone failed)
  [44/460] platform/external/rust/crates/cexpr -> SKIPPED (clone failed)
  [45/460] platform/external/rust/crates/cfg-if -> SKIPPED (clone failed)
  [46/460] platform/external/rust/crates/chrono -> SKIPPED (clone failed)
  [47/460] platform/external/rust/crates/ciborium -> SKIPPED (clone failed)
  [48/460] platform/external/rust/crates/ciborium-io -> SKIPPED (clone failed)
  [49/460] platform/external/rust/crates/ciborium-ll -> SKIPPED (clone failed)
  [50/460] platform/external/rust/crates/clang-sys -> SKIPPED (clone failed)
  [51/460] platform/external/rust/crates/clap -> SKIPPED (clone failed)
  [52/460] platform/external/rust/crates/clap_complete -> SKIPPED (clone failed)
  [53/460] platform/external/rust/crates/clap_derive -> SKIPPED (clone failed)
  [54/460] platform/external/rust/crates/clap_lex -> SKIPPED (clone failed)
  [55/460] platform/external/rust/crates/cobs -> SKIPPED (clone failed)
  [56/460] platform/external/rust/crates/codespan-reporting -> SKIPPED (clone failed)
  [57/460] platform/external/rust/crates/combine -> SKIPPED (clone failed)
  [58/460] platform/external/rust/crates/command-fds -> SKIPPED (clone failed)
  [59/460] platform/external/rust/crates/compiler_builtins -> SKIPPED (clone failed)
  [60/460] platform/external/rust/crates/config -> SKIPPED (clone failed)
  [61/460] platform/external/rust/crates/configparser -> SKIPPED (clone failed)
  [62/460] platform/external/rust/crates/const-oid -> SKIPPED (clone failed)
  [63/460] platform/external/rust/crates/const_fn -> SKIPPED (clone failed)
  [64/460] platform/external/rust/crates/cortex-a -> SKIPPED (clone failed)
  [65/460] platform/external/rust/crates/coset -> SKIPPED (clone failed)
  [66/460] platform/external/rust/crates/cov-mark -> SKIPPED (clone failed)
  [67/460] platform/external/rust/crates/crc32fast -> SKIPPED (clone failed)
  [68/460] platform/external/rust/crates/criterion -> SKIPPED (clone failed)
  [69/460] platform/external/rust/crates/criterion-plot -> SKIPPED (clone failed)
  [70/460] platform/external/rust/crates/critical-section -> SKIPPED (clone failed)
  [71/460] platform/external/rust/crates/crossbeam-channel -> SKIPPED (clone failed)
  [72/460] platform/external/rust/crates/crossbeam-deque -> SKIPPED (clone failed)
  [73/460] platform/external/rust/crates/crossbeam-epoch -> SKIPPED (clone failed)
  [74/460] platform/external/rust/crates/crossbeam-queue -> SKIPPED (clone failed)
  [75/460] platform/external/rust/crates/crossbeam-utils -> SKIPPED (clone failed)
  [76/460] platform/external/rust/crates/csv -> SKIPPED (clone failed)
  [77/460] platform/external/rust/crates/csv-core -> SKIPPED (clone failed)
  [78/460] platform/external/rust/crates/darling -> SKIPPED (clone failed)
  [79/460] platform/external/rust/crates/darling_core -> SKIPPED (clone failed)
  [80/460] platform/external/rust/crates/darling_macro -> SKIPPED (clone failed)
  [81/460] platform/external/rust/crates/dashmap -> SKIPPED (clone failed)
  [82/460] platform/external/rust/crates/data-encoding -> SKIPPED (clone failed)
  [83/460] platform/external/rust/crates/debug_tree -> SKIPPED (clone failed)
  [84/460] platform/external/rust/crates/der -> SKIPPED (clone failed)
  [85/460] platform/external/rust/crates/der-oid-macro -> SKIPPED (clone failed)
  [86/460] platform/external/rust/crates/der-parser -> SKIPPED (clone failed)
  [87/460] platform/external/rust/crates/der_derive -> SKIPPED (clone failed)
  [88/460] platform/external/rust/crates/derive-getters -> SKIPPED (clone failed)
  [89/460] platform/external/rust/crates/derive_arbitrary -> SKIPPED (clone failed)
  [90/460] platform/external/rust/crates/displaydoc -> SKIPPED (clone failed)
  [91/460] platform/external/rust/crates/dlmalloc -> SKIPPED (clone failed)
  [92/460] platform/external/rust/crates/document-features -> SKIPPED (clone failed)
  [93/460] platform/external/rust/crates/downcast -> SKIPPED (clone failed)
  [94/460] platform/external/rust/crates/downcast-rs -> SKIPPED (clone failed)
  [95/460] platform/external/rust/crates/drm -> SKIPPED (clone failed)
  [96/460] platform/external/rust/crates/drm-ffi -> SKIPPED (clone failed)
  [97/460] platform/external/rust/crates/drm-fourcc -> SKIPPED (clone failed)
  [98/460] platform/external/rust/crates/either -> SKIPPED (clone failed)
  [99/460] platform/external/rust/crates/enum-as-inner -> SKIPPED (clone failed)
  [100/460] platform/external/rust/crates/enumn -> SKIPPED (clone failed)
  [101/460] platform/external/rust/crates/env_logger -> SKIPPED (clone failed)
  [102/460] platform/external/rust/crates/epoll -> SKIPPED (clone failed)
  [103/460] platform/external/rust/crates/equivalent -> SKIPPED (clone failed)
  [104/460] platform/external/rust/crates/errno -> SKIPPED (clone failed)
  [105/460] platform/external/rust/crates/etherparse -> SKIPPED (clone failed)
  [106/460] platform/external/rust/crates/fallible-iterator -> SKIPPED (clone failed)
  [107/460] platform/external/rust/crates/fallible-streaming-iterator -> SKIPPED (clone failed)
  [108/460] platform/external/rust/crates/fastrand -> SKIPPED (clone failed)
  [109/460] platform/external/rust/crates/fixedbitset -> SKIPPED (clone failed)
  [110/460] platform/external/rust/crates/flagset -> SKIPPED (clone failed)
  [111/460] platform/external/rust/crates/flate2 -> SKIPPED (clone failed)
  [112/460] platform/external/rust/crates/fnv -> SKIPPED (clone failed)
  [113/460] platform/external/rust/crates/foreign-types -> SKIPPED (clone failed)
  [114/460] platform/external/rust/crates/foreign-types-macros -> SKIPPED (clone failed)
  [115/460] platform/external/rust/crates/foreign-types-shared -> SKIPPED (clone failed)
  [116/460] platform/external/rust/crates/form_urlencoded -> SKIPPED (clone failed)
  [117/460] platform/external/rust/crates/fragile -> SKIPPED (clone failed)
  [118/460] platform/external/rust/crates/fs-err -> SKIPPED (clone failed)
  [119/460] platform/external/rust/crates/futures -> SKIPPED (clone failed)
  [120/460] platform/external/rust/crates/futures-channel -> SKIPPED (clone failed)
  [121/460] platform/external/rust/crates/futures-core -> SKIPPED (clone failed)
  [122/460] platform/external/rust/crates/futures-executor -> SKIPPED (clone failed)
  [123/460] platform/external/rust/crates/futures-io -> SKIPPED (clone failed)
  [124/460] platform/external/rust/crates/futures-macro -> SKIPPED (clone failed)
  [125/460] platform/external/rust/crates/futures-sink -> SKIPPED (clone failed)
  [126/460] platform/external/rust/crates/futures-task -> SKIPPED (clone failed)
  [127/460] platform/external/rust/crates/futures-test -> SKIPPED (clone failed)
  [128/460] platform/external/rust/crates/futures-util -> SKIPPED (clone failed)
  [129/460] platform/external/rust/crates/fxhash -> SKIPPED (clone failed)
  [130/460] platform/external/rust/crates/gbm -> SKIPPED (clone failed)
  [131/460] platform/external/rust/crates/gdbstub -> SKIPPED (clone failed)
  [132/460] platform/external/rust/crates/gdbstub_arch -> SKIPPED (clone failed)
  [133/460] platform/external/rust/crates/getopts -> SKIPPED (clone failed)
  [134/460] platform/external/rust/crates/getrandom -> SKIPPED (clone failed)
  [135/460] platform/external/rust/crates/gimli -> SKIPPED (clone failed)
  [136/460] platform/external/rust/crates/glam -> SKIPPED (clone failed)
  [137/460] platform/external/rust/crates/glob -> SKIPPED (clone failed)
  [138/460] platform/external/rust/crates/googletest -> SKIPPED (clone failed)
  [139/460] platform/external/rust/crates/googletest_macro -> SKIPPED (clone failed)
  [140/460] platform/external/rust/crates/gpio-cdev -> SKIPPED (clone failed)
  [141/460] platform/external/rust/crates/grpcio -> SKIPPED (clone failed)
  [142/460] platform/external/rust/crates/grpcio-compiler -> SKIPPED (clone failed)
  [143/460] platform/external/rust/crates/grpcio-sys -> SKIPPED (clone failed)
  [144/460] platform/external/rust/crates/h2 -> SKIPPED (clone failed)
  [145/460] platform/external/rust/crates/half -> SKIPPED (clone failed)
  [146/460] platform/external/rust/crates/hash32 -> SKIPPED (clone failed)
  [147/460] platform/external/rust/crates/hashbrown -> SKIPPED (clone failed)
  [148/460] platform/external/rust/crates/hashlink -> SKIPPED (clone failed)
  [149/460] platform/external/rust/crates/heapless -> SKIPPED (clone failed)
  [150/460] platform/external/rust/crates/heck -> SKIPPED (clone failed)
  [151/460] platform/external/rust/crates/hermit-abi -> SKIPPED (clone failed)
  [152/460] platform/external/rust/crates/hex -> SKIPPED (clone failed)
  [153/460] platform/external/rust/crates/hickory-proto -> SKIPPED (clone failed)
  [154/460] platform/external/rust/crates/hound -> SKIPPED (clone failed)
  [155/460] platform/external/rust/crates/http -> SKIPPED (clone failed)
  [156/460] platform/external/rust/crates/http-body -> SKIPPED (clone failed)
  [157/460] platform/external/rust/crates/httparse -> SKIPPED (clone failed)
  [158/460] platform/external/rust/crates/httpdate -> SKIPPED (clone failed)
  [159/460] platform/external/rust/crates/hyper -> SKIPPED (clone failed)
  [160/460] platform/external/rust/crates/hyper-timeout -> SKIPPED (clone failed)
  [161/460] platform/external/rust/crates/icu_capi -> SKIPPED (clone failed)
  [162/460] platform/external/rust/crates/ident_case -> SKIPPED (clone failed)
  [163/460] platform/external/rust/crates/idna -> SKIPPED (clone failed)
  [164/460] platform/external/rust/crates/indexmap -> SKIPPED (clone failed)
  [165/460] platform/external/rust/crates/inflector -> SKIPPED (clone failed)
  [166/460] platform/external/rust/crates/ini -> SKIPPED (clone failed)
  [167/460] platform/external/rust/crates/inotify -> SKIPPED (clone failed)
  [168/460] platform/external/rust/crates/inotify-sys -> SKIPPED (clone failed)
  [169/460] platform/external/rust/crates/instant -> SKIPPED (clone failed)
  [170/460] platform/external/rust/crates/intrusive-collections -> SKIPPED (clone failed)
  [171/460] platform/external/rust/crates/ipnet -> SKIPPED (clone failed)
  [172/460] platform/external/rust/crates/itertools -> SKIPPED (clone failed)
  [173/460] platform/external/rust/crates/itoa -> SKIPPED (clone failed)
  [174/460] platform/external/rust/crates/jni -> SKIPPED (clone failed)
  [175/460] platform/external/rust/crates/jni-sys -> SKIPPED (clone failed)
  [176/460] platform/external/rust/crates/json5 -> SKIPPED (clone failed)
  [177/460] platform/external/rust/crates/kernlog -> SKIPPED (clone failed)
  [178/460] platform/external/rust/crates/lazy_static -> SKIPPED (clone failed)
  [179/460] platform/external/rust/crates/lazycell -> SKIPPED (clone failed)
  [180/460] platform/external/rust/crates/libbpf-rs -> SKIPPED (clone failed)
  [181/460] platform/external/rust/crates/libbpf-sys -> SKIPPED (clone failed)
  [182/460] platform/external/rust/crates/libc -> SKIPPED (clone failed)
  [183/460] platform/external/rust/crates/libfuzzer-sys -> SKIPPED (clone failed)
  [184/460] platform/external/rust/crates/libloading -> SKIPPED (clone failed)
  [185/460] platform/external/rust/crates/libm -> SKIPPED (clone failed)
  [186/460] platform/external/rust/crates/libsqlite3-sys -> SKIPPED (clone failed)
  [187/460] platform/external/rust/crates/libtest-mimic -> SKIPPED (clone failed)
  [188/460] platform/external/rust/crates/libusb1-sys -> SKIPPED (clone failed)
  [189/460] platform/external/rust/crates/libz-sys -> SKIPPED (clone failed)
  [190/460] platform/external/rust/crates/linked-hash-map -> SKIPPED (clone failed)
  [191/460] platform/external/rust/crates/linkme -> SKIPPED (clone failed)
  [192/460] platform/external/rust/crates/linkme-impl -> SKIPPED (clone failed)
  [193/460] platform/external/rust/crates/litrs -> SKIPPED (clone failed)
  [194/460] platform/external/rust/crates/lock_api -> SKIPPED (clone failed)
  [195/460] platform/external/rust/crates/log -> SKIPPED (clone failed)
  [196/460] platform/external/rust/crates/lru-cache -> SKIPPED (clone failed)
  [197/460] platform/external/rust/crates/lz4_flex -> SKIPPED (clone failed)
  [198/460] platform/external/rust/crates/macaddr -> SKIPPED (clone failed)
  [199/460] platform/external/rust/crates/managed -> SKIPPED (clone failed)
  [200/460] platform/external/rust/crates/maplit -> SKIPPED (clone failed)
  [201/460] platform/external/rust/crates/matches -> SKIPPED (clone failed)
  [202/460] platform/external/rust/crates/matchit -> SKIPPED (clone failed)
  [203/460] platform/external/rust/crates/maybe-async -> SKIPPED (clone failed)
  [204/460] platform/external/rust/crates/memchr -> SKIPPED (clone failed)
  [205/460] platform/external/rust/crates/memmap2 -> SKIPPED (clone failed)
  [206/460] platform/external/rust/crates/memoffset -> SKIPPED (clone failed)
  [207/460] platform/external/rust/crates/merge -> SKIPPED (clone failed)
  [208/460] platform/external/rust/crates/merge_derive -> SKIPPED (clone failed)
  [209/460] platform/external/rust/crates/miette -> SKIPPED (clone failed)
  [210/460] platform/external/rust/crates/miette-derive -> SKIPPED (clone failed)
  [211/460] platform/external/rust/crates/mime -> SKIPPED (clone failed)
  [212/460] platform/external/rust/crates/minimal-lexical -> SKIPPED (clone failed)
  [213/460] platform/external/rust/crates/mio -> SKIPPED (clone failed)
  [214/460] platform/external/rust/crates/mls-rs -> SKIPPED (clone failed)
  [215/460] platform/external/rust/crates/mls-rs-codec -> SKIPPED (clone failed)
  [11/460] platform/external/rust/crates/asn1-rs -> ERROR Command '['git', 'clone', '--bare', '--depth', '1', '--filter=blob:none', '--single-branch', '--branch', 'main', 'https://aosp.tuna.tsinghua.edu.cn/platform/external/rust/crates/asn1-rs', 'C:\\Users\\TT\\AppData\\Local\\Temp\\aosp_git_5acu27d_\\r.git']' timed out after 600 seconds
  [12/460] platform/external/rust/crates/asn1-rs-derive -> ERROR Command '['git', 'clone', '--bare', '--depth', '1', '--filter=blob:none', '--single-branch', '--branch', 'main', 'https://aosp.tuna.tsinghua.edu.cn/platform/external/rust/crates/asn1-rs-derive', 'C:\\Users\\TT\\AppData\\Local\\Temp\\aosp_git_7k09ln81\\r.git']' timed out after 600 seconds
  [7/460] platform/external/rust/crates/ahash -> ERROR Command '['git', 'clone', '--bare', '--depth', '1', '--filter=blob:none', '--single-branch', '--branch', 'main', 'https://aosp.tuna.tsinghua.edu.cn/platform/external/rust/crates/ahash', 'C:\\Users\\TT\\AppData\\Local\\Temp\\aosp_git_1j4h_cqd\\r.git']' timed out after 600 seconds
  [216/460] platform/external/rust/crates/mls-rs-codec-derive -> ERROR Command '['git', 'clone', '--bare', '--depth', '1', '--filter=blob:none', '--single-branch', '--branch', 'main', 'https://aosp.tuna.tsinghua.edu.cn/platform/external/rust/crates/mls-rs-codec-derive', 'C:\\Users\\TT\\AppData\\Local\\Temp\\aosp_git_s_2r5y5s\\r.git']' timed out after 600 seconds
  [220/460] platform/external/rust/crates/mockall -> ERROR Command '['git', 'clone', '--bare', '--depth', '1', '--filter=blob:none', '--single-branch', '--branch', 'main', 'https://aosp.tuna.tsinghua.edu.cn/platform/external/rust/crates/mockall', 'C:\\Users\\TT\\AppData\\Local\\Temp\\aosp_git_yoogza_5\\r.git']' timed out after 600 seconds
  [219/460] platform/external/rust/crates/mls-rs-uniffi -> ERROR Command '['git', 'clone', '--bare', '--depth', '1', '--filter=blob:none', '--single-branch', '--branch', 'main', 'https://aosp.tuna.tsinghua.edu.cn/platform/external/rust/crates/mls-rs-uniffi', 'C:\\Users\\TT\\AppData\\Local\\Temp\\aosp_git_nclb8082\\r.git']' timed out after 600 seconds
  [217/460] platform/external/rust/crates/mls-rs-core -> ERROR Command '['git', 'clone', '--bare', '--depth', '1', '--filter=blob:none', '--single-branch', '--branch', 'main', 'https://aosp.tuna.tsinghua.edu.cn/platform/external/rust/crates/mls-rs-core', 'C:\\Users\\TT\\AppData\\Local\\Temp\\aosp_git_4_6rqx2e\\r.git']' timed out after 600 seconds
  [218/460] platform/external/rust/crates/mls-rs-crypto-traits -> ERROR Command '['git', 'clone', '--bare', '--depth', '1', '--filter=blob:none', '--single-branch', '--branch', 'main', 'https://aosp.tuna.tsinghua.edu.cn/platform/external/rust/crates/mls-rs-crypto-traits', 'C:\\Users\\TT\\AppData\\Local\\Temp\\aosp_git_5u7nsfxp\\r.git']' timed out after 600 seconds
  [221/460] platform/external/rust/crates/mockall_derive -> ERROR Command '['git', 'clone', '--bare', '--depth', '1', '--filter=blob:none', '--single-branch', '--branch', 'main', 'https://aosp.tuna.tsinghua.edu.cn/platform/external/rust/crates/mockall_derive', 'C:\\Users\\TT\\AppData\\Local\\Temp\\aosp_git_ue0fkgpu\\r.git']' timed out after 600 seconds
  [223/460] platform/external/rust/crates/named-lock -> ERROR Command '['git', 'clone', '--bare', '--depth', '1', '--filter=blob:none', '--single-branch', '--branch', 'main', 'https://aosp.tuna.tsinghua.edu.cn/platform/external/rust/crates/named-lock', 'C:\\Users\\TT\\AppData\\Local\\Temp\\aosp_git_2ei0mptf\\r.git']' timed out after 600 seconds
  [222/460] platform/external/rust/crates/moveit -> ERROR Command '['git', 'clone', '--bare', '--depth', '1', '--filter=blob:none', '--single-branch', '--branch', 'main', 'https://aosp.tuna.tsinghua.edu.cn/platform/external/rust/crates/moveit', 'C:\\Users\\TT\\AppData\\Local\\Temp\\aosp_git_09x2k44n\\r.git']' timed out after 600 seconds
  [224/460] platform/external/rust/crates/nix -> ERROR Command '['git', 'clone', '--bare', '--depth', '1', '--filter=blob:none', '--single-branch', '--branch', 'main', 'https://aosp.tuna.tsinghua.edu.cn/platform/external/rust/crates/nix', 'C:\\Users\\TT\\AppData\\Local\\Temp\\aosp_git_vyy01vqd\\r.git']' timed out after 600 seconds
  [228/460] platform/external/rust/crates/num-complex -> SKIPPED (clone failed)
  [226/460] platform/external/rust/crates/nom -> SKIPPED (clone failed)
  [227/460] platform/external/rust/crates/num-bigint -> SKIPPED (clone failed)
  [225/460] platform/external/rust/crates/no-panic -> SKIPPED (clone failed)
  [231/460] platform/external/rust/crates/num-traits -> SKIPPED (clone failed)
  [230/460] platform/external/rust/crates/num-integer -> SKIPPED (clone failed)
  [232/460] platform/external/rust/crates/num_cpus -> SKIPPED (clone failed)
  [235/460] platform/external/rust/crates/object -> SKIPPED (clone failed)
  [229/460] platform/external/rust/crates/num-derive -> SKIPPED (clone failed)
  [234/460] platform/external/rust/crates/num_enum_derive -> SKIPPED (clone failed)
  [233/460] platform/external/rust/crates/num_enum -> SKIPPED (clone failed)
  [236/460] platform/external/rust/crates/octets -> SKIPPED (clone failed)
  [238/460] platform/external/rust/crates/once_cell -> SKIPPED (clone failed)
  [239/460] platform/external/rust/crates/oneshot-uniffi -> SKIPPED (clone failed)
  [237/460] platform/external/rust/crates/oid-registry -> SKIPPED (clone failed)
  [241/460] platform/external/rust/crates/openmls -> SKIPPED (clone failed)
  [242/460] platform/external/rust/crates/openmls_traits -> SKIPPED (clone failed)
